[debug] [2025-11-11T13:39:46.369Z] ----------------------------------------------------------------------
[debug] [2025-11-11T13:39:46.373Z] Command:       /Users/vedatesendag/.nvm/versions/node/v24.8.0/bin/node /Users/vedatesendag/.nvm/versions/node/v24.8.0/bin/firebase init functions
[debug] [2025-11-11T13:39:46.373Z] CLI Version:   14.24.2
[debug] [2025-11-11T13:39:46.374Z] Platform:      darwin
[debug] [2025-11-11T13:39:46.374Z] Node Version:  v24.8.0
[debug] [2025-11-11T13:39:46.374Z] Time:          Tue Nov 11 2025 14:39:46 GMT+0100 (Central European Standard Time)
[debug] [2025-11-11T13:39:46.374Z] ----------------------------------------------------------------------
[debug] 
[info] 
     ######## #### ########  ######## ########     ###     ######  ########
     ##        ##  ##     ## ##       ##     ##  ##   ##  ##       ##
     ######    ##  ########  ######   ########  #########  ######  ######
     ##        ##  ##    ##  ##       ##     ## ##     ##       ## ##
     ##       #### ##     ## ######## ########  ##     ##  ######  ########

You're about to initialize a Firebase project in this directory:

  /Users/vedatesendag/Documents/GitHub/Medical_Adherence

Before we get started, keep in mind:

  * You are initializing within an existing Firebase project directory

[info] 
=== Project Setup
[info] 
[info] First, let's associate this project directory with a Firebase project.
[info] You can create multiple project aliases by running firebase use --add, 
[info] 
[debug] [2025-11-11T13:39:46.441Z] > command requires scopes: ["email","openid","https://www.googleapis.com/auth/cloudplatformprojects.readonly","https://www.googleapis.com/auth/firebase","https://www.googleapis.com/auth/cloud-platform"]
[debug] [2025-11-11T13:39:46.441Z] > authorizing via signed-in user (vedatesendag2005@gmail.com)
[debug] [2025-11-11T13:39:46.441Z] Checked if tokens are valid: false, expires at: 1762866391526
[debug] [2025-11-11T13:39:46.441Z] Checked if tokens are valid: false, expires at: 1762866391526
[debug] [2025-11-11T13:39:46.441Z] > refreshing access token with scopes: []
[debug] [2025-11-11T13:39:46.442Z] >>> [apiv2][query] POST https://www.googleapis.com/oauth2/v3/token [none]
[debug] [2025-11-11T13:39:46.442Z] >>> [apiv2][body] POST https://www.googleapis.com/oauth2/v3/token [omitted]
[debug] [2025-11-11T13:39:46.564Z] <<< [apiv2][status] POST https://www.googleapis.com/oauth2/v3/token 200
[debug] [2025-11-11T13:39:46.564Z] <<< [apiv2][body] POST https://www.googleapis.com/oauth2/v3/token [omitted]
[debug] [2025-11-11T13:39:46.577Z] >>> [apiv2][query] GET https://firebase.googleapis.com/v1beta1/projects/medical-adherence-22fd2 [none]
[debug] [2025-11-11T13:39:46.870Z] <<< [apiv2][status] GET https://firebase.googleapis.com/v1beta1/projects/medical-adherence-22fd2 200
[debug] [2025-11-11T13:39:46.870Z] <<< [apiv2][body] GET https://firebase.googleapis.com/v1beta1/projects/medical-adherence-22fd2 {"projectId":"medical-adherence-22fd2","projectNumber":"770118228435","displayName":"Medical Adherence","name":"projects/medical-adherence-22fd2","resources":{"hostingSite":"medical-adherence-22fd2"},"state":"ACTIVE","etag":"1_62e99780-9bae-48f0-88bb-d61748f30d62"}
[info] i  Using project medical-adherence-22fd2 (Medical Adherence) . 
[info] 
=== Functions Setup
[debug] [2025-11-11T13:39:46.880Z] > command requires scopes: ["email","openid","https://www.googleapis.com/auth/cloudplatformprojects.readonly","https://www.googleapis.com/auth/firebase","https://www.googleapis.com/auth/cloud-platform"]
[debug] [2025-11-11T13:39:46.880Z] > authorizing via signed-in user (vedatesendag2005@gmail.com)
[debug] [2025-11-11T13:39:46.880Z] [iam] checking project medical-adherence-22fd2 for permissions ["firebase.projects.get"]
[debug] [2025-11-11T13:39:46.880Z] Checked if tokens are valid: true, expires at: 1762871985564
[debug] [2025-11-11T13:39:46.881Z] Checked if tokens are valid: true, expires at: 1762871985564
[debug] [2025-11-11T13:39:46.881Z] >>> [apiv2][query] POST https://cloudresourcemanager.googleapis.com/v1/projects/medical-adherence-22fd2:testIamPermissions [none]
[debug] [2025-11-11T13:39:46.881Z] >>> [apiv2][(partial)header] POST https://cloudresourcemanager.googleapis.com/v1/projects/medical-adherence-22fd2:testIamPermissions x-goog-quota-user=projects/medical-adherence-22fd2
[debug] [2025-11-11T13:39:46.881Z] >>> [apiv2][body] POST https://cloudresourcemanager.googleapis.com/v1/projects/medical-adherence-22fd2:testIamPermissions {"permissions":["firebase.projects.get"]}
[debug] [2025-11-11T13:39:47.624Z] <<< [apiv2][status] POST https://cloudresourcemanager.googleapis.com/v1/projects/medical-adherence-22fd2:testIamPermissions 200
[debug] [2025-11-11T13:39:47.625Z] <<< [apiv2][body] POST https://cloudresourcemanager.googleapis.com/v1/projects/medical-adherence-22fd2:testIamPermissions {"permissions":["firebase.projects.get"]}
[info] 
Detected existing codebase(s): default

[info] Let's create a new codebase for your functions.
[info] A directory corresponding to the codebase will be created in your project
[info] with sample code pre-configured.

[info] See https://firebase.google.com/docs/functions/organize-functions for
[info] more information on organizing your functions using codebases.

[info] Functions can be deployed with firebase deploy.

[debug] [2025-11-11T13:40:12.462Z] ExitPromptError: User force closed the prompt with SIGINT
    at Interface.sigint (/Users/vedatesendag/.nvm/versions/node/v24.8.0/lib/node_modules/firebase-tools/node_modules/@inquirer/core/dist/commonjs/lib/create-prompt.js:101:37)
    at Interface.emit (node:events:508:28)
    at Interface.emit (node:domain:489:12)
    at [_ttyWrite] [as _ttyWrite] (node:internal/readline/interface:1311:18)
    at ReadStream.onkeypress (node:internal/readline/interface:284:20)
    at ReadStream.emit (node:events:520:35)
    at ReadStream.emit (node:domain:489:12)
    at emitKeys (node:internal/readline/utils:371:14)
    at emitKeys.next (<anonymous>)
    at ReadStream.onData (node:internal/readline/emitKeypressEvents:64:36)
[error] 
[error] Error: An unexpected error has occurred.
[debug] [2025-11-11T13:40:18.352Z] ----------------------------------------------------------------------
[debug] [2025-11-11T13:40:18.356Z] Command:       /Users/vedatesendag/.nvm/versions/node/v24.8.0/bin/node /Users/vedatesendag/.nvm/versions/node/v24.8.0/bin/firebase init functions
[debug] [2025-11-11T13:40:18.356Z] CLI Version:   14.24.2
[debug] [2025-11-11T13:40:18.356Z] Platform:      darwin
[debug] [2025-11-11T13:40:18.356Z] Node Version:  v24.8.0
[debug] [2025-11-11T13:40:18.356Z] Time:          Tue Nov 11 2025 14:40:18 GMT+0100 (Central European Standard Time)
[debug] [2025-11-11T13:40:18.356Z] ----------------------------------------------------------------------
[debug] 
[info] 
     ######## #### ########  ######## ########     ###     ######  ########
     ##        ##  ##     ## ##       ##     ##  ##   ##  ##       ##
     ######    ##  ########  ######   ########  #########  ######  ######
     ##        ##  ##    ##  ##       ##     ## ##     ##       ## ##
     ##       #### ##     ## ######## ########  ##     ##  ######  ########

You're about to initialize a Firebase project in this directory:

  /Users/vedatesendag/Documents/GitHub/Medical_Adherence

Before we get started, keep in mind:

  * You are initializing within an existing Firebase project directory

[info] 
=== Project Setup
[info] 
[info] First, let's associate this project directory with a Firebase project.
[info] You can create multiple project aliases by running firebase use --add, 
[info] 
[debug] [2025-11-11T13:40:18.432Z] > command requires scopes: ["email","openid","https://www.googleapis.com/auth/cloudplatformprojects.readonly","https://www.googleapis.com/auth/firebase","https://www.googleapis.com/auth/cloud-platform"]
[debug] [2025-11-11T13:40:18.432Z] > authorizing via signed-in user (vedatesendag2005@gmail.com)
[debug] [2025-11-11T13:40:18.432Z] Checked if tokens are valid: true, expires at: 1762871985564
[debug] [2025-11-11T13:40:18.432Z] Checked if tokens are valid: true, expires at: 1762871985564
[debug] [2025-11-11T13:40:18.432Z] >>> [apiv2][query] GET https://firebase.googleapis.com/v1beta1/projects/medical-adherence-22fd2 [none]
[debug] [2025-11-11T13:40:18.738Z] <<< [apiv2][status] GET https://firebase.googleapis.com/v1beta1/projects/medical-adherence-22fd2 200
[debug] [2025-11-11T13:40:18.739Z] <<< [apiv2][body] GET https://firebase.googleapis.com/v1beta1/projects/medical-adherence-22fd2 {"projectId":"medical-adherence-22fd2","projectNumber":"770118228435","displayName":"Medical Adherence","name":"projects/medical-adherence-22fd2","resources":{"hostingSite":"medical-adherence-22fd2"},"state":"ACTIVE","etag":"1_62e99780-9bae-48f0-88bb-d61748f30d62"}
[info] i  Using project medical-adherence-22fd2 (Medical Adherence) . 
[info] 
=== Functions Setup
[debug] [2025-11-11T13:40:18.749Z] > command requires scopes: ["email","openid","https://www.googleapis.com/auth/cloudplatformprojects.readonly","https://www.googleapis.com/auth/firebase","https://www.googleapis.com/auth/cloud-platform"]
[debug] [2025-11-11T13:40:18.749Z] > authorizing via signed-in user (vedatesendag2005@gmail.com)
[debug] [2025-11-11T13:40:18.749Z] [iam] checking project medical-adherence-22fd2 for permissions ["firebase.projects.get"]
[debug] [2025-11-11T13:40:18.749Z] Checked if tokens are valid: true, expires at: 1762871985564
[debug] [2025-11-11T13:40:18.749Z] Checked if tokens are valid: true, expires at: 1762871985564
[debug] [2025-11-11T13:40:18.749Z] >>> [apiv2][query] POST https://cloudresourcemanager.googleapis.com/v1/projects/medical-adherence-22fd2:testIamPermissions [none]
[debug] [2025-11-11T13:40:18.749Z] >>> [apiv2][(partial)header] POST https://cloudresourcemanager.googleapis.com/v1/projects/medical-adherence-22fd2:testIamPermissions x-goog-quota-user=projects/medical-adherence-22fd2
[debug] [2025-11-11T13:40:18.749Z] >>> [apiv2][body] POST https://cloudresourcemanager.googleapis.com/v1/projects/medical-adherence-22fd2:testIamPermissions {"permissions":["firebase.projects.get"]}
[debug] [2025-11-11T13:40:19.437Z] <<< [apiv2][status] POST https://cloudresourcemanager.googleapis.com/v1/projects/medical-adherence-22fd2:testIamPermissions 200
[debug] [2025-11-11T13:40:19.437Z] <<< [apiv2][body] POST https://cloudresourcemanager.googleapis.com/v1/projects/medical-adherence-22fd2:testIamPermissions {"permissions":["firebase.projects.get"]}
[info] 
Detected existing codebase(s): default

[info] 
Overwriting codebase default...

[debug] [2025-11-11T13:40:27.660Z] ExitPromptError: User force closed the prompt with SIGINT
    at Interface.sigint (/Users/vedatesendag/.nvm/versions/node/v24.8.0/lib/node_modules/firebase-tools/node_modules/@inquirer/core/dist/commonjs/lib/create-prompt.js:101:37)
    at Interface.emit (node:events:508:28)
    at Interface.emit (node:domain:489:12)
    at [_ttyWrite] [as _ttyWrite] (node:internal/readline/interface:1311:18)
    at ReadStream.onkeypress (node:internal/readline/interface:284:20)
    at ReadStream.emit (node:events:520:35)
    at ReadStream.emit (node:domain:489:12)
    at emitKeys (node:internal/readline/utils:371:14)
    at emitKeys.next (<anonymous>)
    at ReadStream.onData (node:internal/readline/emitKeypressEvents:64:36)
[error] 
[error] Error: An unexpected error has occurred.
